// Jest Snapshot v1, https://goo.gl/fbAQLP

exports[`App component should render App component 1`] = `
Object {
  "asFragment": [Function],
  "baseElement": <body>
    <div>
      <div
        class="container"
      >
        <div
          class="wrapper"
        >
          <h1
            class="text"
          >
            Крестики-нолики
          </h1>
          <div
            class="gameCountBlock"
          >
            <div
              class="playerInfoBlock"
            >
              <span
                class="playerName"
              >
                Игрок 1
              </span>
              <span
                class="text"
              >
                0
              </span>
            </div>
            <button
              class="ant-btn css-dev-only-do-not-override-k7429z ant-btn-text buttonFontWeight"
              type="button"
            >
              <span>
                Новая серия
              </span>
            </button>
            <div
              class="playerInfoBlock"
            >
              <span
                class="playerName"
              >
                Игрок 2
              </span>
              <span
                class="text"
              >
                0
              </span>
            </div>
          </div>
          <div
            class="wrapper gameFieldMargin"
          >
            <div
              class="row"
            >
              <div
                class="cell"
                data-testid="wrapper"
              />
              <div
                class="cell"
                data-testid="wrapper"
              />
              <div
                class="cell"
                data-testid="wrapper"
              />
            </div>
            <div
              class="row"
            >
              <div
                class="cell"
                data-testid="wrapper"
              />
              <div
                class="cell"
                data-testid="wrapper"
              />
              <div
                class="cell"
                data-testid="wrapper"
              />
            </div>
            <div
              class="row"
            >
              <div
                class="cell"
                data-testid="wrapper"
              />
              <div
                class="cell"
                data-testid="wrapper"
              />
              <div
                class="cell"
                data-testid="wrapper"
              />
            </div>
          </div>
          <div
            class="wrapper"
          >
            <p
              class="text"
            >
              <span>
                Ходит: 
              </span>
              <span
                class="playerText"
              >
                Игрок 1
              </span>
            </p>
            <button
              class="ant-btn css-dev-only-do-not-override-k7429z ant-btn-primary ant-btn-background-ghost"
              type="button"
            >
              <span>
                Новая игра
              </span>
            </button>
          </div>
        </div>
      </div>
    </div>
  </body>,
  "container": <div>
    <div
      class="container"
    >
      <div
        class="wrapper"
      >
        <h1
          class="text"
        >
          Крестики-нолики
        </h1>
        <div
          class="gameCountBlock"
        >
          <div
            class="playerInfoBlock"
          >
            <span
              class="playerName"
            >
              Игрок 1
            </span>
            <span
              class="text"
            >
              0
            </span>
          </div>
          <button
            class="ant-btn css-dev-only-do-not-override-k7429z ant-btn-text buttonFontWeight"
            type="button"
          >
            <span>
              Новая серия
            </span>
          </button>
          <div
            class="playerInfoBlock"
          >
            <span
              class="playerName"
            >
              Игрок 2
            </span>
            <span
              class="text"
            >
              0
            </span>
          </div>
        </div>
        <div
          class="wrapper gameFieldMargin"
        >
          <div
            class="row"
          >
            <div
              class="cell"
              data-testid="wrapper"
            />
            <div
              class="cell"
              data-testid="wrapper"
            />
            <div
              class="cell"
              data-testid="wrapper"
            />
          </div>
          <div
            class="row"
          >
            <div
              class="cell"
              data-testid="wrapper"
            />
            <div
              class="cell"
              data-testid="wrapper"
            />
            <div
              class="cell"
              data-testid="wrapper"
            />
          </div>
          <div
            class="row"
          >
            <div
              class="cell"
              data-testid="wrapper"
            />
            <div
              class="cell"
              data-testid="wrapper"
            />
            <div
              class="cell"
              data-testid="wrapper"
            />
          </div>
        </div>
        <div
          class="wrapper"
        >
          <p
            class="text"
          >
            <span>
              Ходит: 
            </span>
            <span
              class="playerText"
            >
              Игрок 1
            </span>
          </p>
          <button
            class="ant-btn css-dev-only-do-not-override-k7429z ant-btn-primary ant-btn-background-ghost"
            type="button"
          >
            <span>
              Новая игра
            </span>
          </button>
        </div>
      </div>
    </div>
  </div>,
  "debug": [Function],
  "findAllByAltText": [Function],
  "findAllByDisplayValue": [Function],
  "findAllByLabelText": [Function],
  "findAllByPlaceholderText": [Function],
  "findAllByRole": [Function],
  "findAllByTestId": [Function],
  "findAllByText": [Function],
  "findAllByTitle": [Function],
  "findByAltText": [Function],
  "findByDisplayValue": [Function],
  "findByLabelText": [Function],
  "findByPlaceholderText": [Function],
  "findByRole": [Function],
  "findByTestId": [Function],
  "findByText": [Function],
  "findByTitle": [Function],
  "getAllByAltText": [Function],
  "getAllByDisplayValue": [Function],
  "getAllByLabelText": [Function],
  "getAllByPlaceholderText": [Function],
  "getAllByRole": [Function],
  "getAllByTestId": [Function],
  "getAllByText": [Function],
  "getAllByTitle": [Function],
  "getByAltText": [Function],
  "getByDisplayValue": [Function],
  "getByLabelText": [Function],
  "getByPlaceholderText": [Function],
  "getByRole": [Function],
  "getByTestId": [Function],
  "getByText": [Function],
  "getByTitle": [Function],
  "queryAllByAltText": [Function],
  "queryAllByDisplayValue": [Function],
  "queryAllByLabelText": [Function],
  "queryAllByPlaceholderText": [Function],
  "queryAllByRole": [Function],
  "queryAllByTestId": [Function],
  "queryAllByText": [Function],
  "queryAllByTitle": [Function],
  "queryByAltText": [Function],
  "queryByDisplayValue": [Function],
  "queryByLabelText": [Function],
  "queryByPlaceholderText": [Function],
  "queryByRole": [Function],
  "queryByTestId": [Function],
  "queryByText": [Function],
  "queryByTitle": [Function],
  "rerender": [Function],
  "unmount": [Function],
}
`;
