// Jest Snapshot v1, https://goo.gl/fbAQLP

exports[`Header component should render Header component 1`] = `
Object {
  "asFragment": [Function],
  "baseElement": <body>
    <div>
      <h1
        class="text"
      >
        Крестики-нолики
      </h1>
      <div
        class="gameCountBlock"
      >
        <div
          class="playerInfoBlock"
        >
          <span
            class="playerName"
          >
            Игрок 1
          </span>
          <span
            class="text"
          >
            0
          </span>
        </div>
        <button
          class="ant-btn css-dev-only-do-not-override-k7429z ant-btn-text buttonFontWeight"
          type="button"
        >
          <span>
            Новая серия
          </span>
        </button>
        <div
          class="playerInfoBlock"
        >
          <span
            class="playerName"
          >
            Игрок 2
          </span>
          <span
            class="text"
          >
            0
          </span>
        </div>
      </div>
    </div>
  </body>,
  "container": <div>
    <h1
      class="text"
    >
      Крестики-нолики
    </h1>
    <div
      class="gameCountBlock"
    >
      <div
        class="playerInfoBlock"
      >
        <span
          class="playerName"
        >
          Игрок 1
        </span>
        <span
          class="text"
        >
          0
        </span>
      </div>
      <button
        class="ant-btn css-dev-only-do-not-override-k7429z ant-btn-text buttonFontWeight"
        type="button"
      >
        <span>
          Новая серия
        </span>
      </button>
      <div
        class="playerInfoBlock"
      >
        <span
          class="playerName"
        >
          Игрок 2
        </span>
        <span
          class="text"
        >
          0
        </span>
      </div>
    </div>
  </div>,
  "debug": [Function],
  "findAllByAltText": [Function],
  "findAllByDisplayValue": [Function],
  "findAllByLabelText": [Function],
  "findAllByPlaceholderText": [Function],
  "findAllByRole": [Function],
  "findAllByTestId": [Function],
  "findAllByText": [Function],
  "findAllByTitle": [Function],
  "findByAltText": [Function],
  "findByDisplayValue": [Function],
  "findByLabelText": [Function],
  "findByPlaceholderText": [Function],
  "findByRole": [Function],
  "findByTestId": [Function],
  "findByText": [Function],
  "findByTitle": [Function],
  "getAllByAltText": [Function],
  "getAllByDisplayValue": [Function],
  "getAllByLabelText": [Function],
  "getAllByPlaceholderText": [Function],
  "getAllByRole": [Function],
  "getAllByTestId": [Function],
  "getAllByText": [Function],
  "getAllByTitle": [Function],
  "getByAltText": [Function],
  "getByDisplayValue": [Function],
  "getByLabelText": [Function],
  "getByPlaceholderText": [Function],
  "getByRole": [Function],
  "getByTestId": [Function],
  "getByText": [Function],
  "getByTitle": [Function],
  "queryAllByAltText": [Function],
  "queryAllByDisplayValue": [Function],
  "queryAllByLabelText": [Function],
  "queryAllByPlaceholderText": [Function],
  "queryAllByRole": [Function],
  "queryAllByTestId": [Function],
  "queryAllByText": [Function],
  "queryAllByTitle": [Function],
  "queryByAltText": [Function],
  "queryByDisplayValue": [Function],
  "queryByLabelText": [Function],
  "queryByPlaceholderText": [Function],
  "queryByRole": [Function],
  "queryByTestId": [Function],
  "queryByText": [Function],
  "queryByTitle": [Function],
  "rerender": [Function],
  "unmount": [Function],
}
`;
