// Jest Snapshot v1, https://goo.gl/fbAQLP

exports[`NewSeriesModal component should render NewSeriesModal component 1`] = `
Object {
  "asFragment": [Function],
  "baseElement": <body>
    <div />
    <div>
      <style
        data-rc-order="prepend"
        rc-util-key="@ant-design-icons"
      >
        
.anticon {
  display: inline-block;
  color: inherit;
  font-style: normal;
  line-height: 0;
  text-align: center;
  text-transform: none;
  vertical-align: -0.125em;
  text-rendering: optimizeLegibility;
  -webkit-font-smoothing: antialiased;
  -moz-osx-font-smoothing: grayscale;
}

.anticon &gt; * {
  line-height: 1;
}

.anticon svg {
  display: inline-block;
}

.anticon::before {
  display: none;
}

.anticon .anticon-icon {
  display: block;
}

.anticon[tabindex] {
  cursor: pointer;
}

.anticon-spin::before,
.anticon-spin {
  display: inline-block;
  -webkit-animation: loadingCircle 1s infinite linear;
  animation: loadingCircle 1s infinite linear;
}

@-webkit-keyframes loadingCircle {
  100% {
    -webkit-transform: rotate(360deg);
    transform: rotate(360deg);
  }
}

@keyframes loadingCircle {
  100% {
    -webkit-transform: rotate(360deg);
    transform: rotate(360deg);
  }
}

      </style>
      <div
        class="ant-modal-root css-dev-only-do-not-override-k7429z"
      >
        <div
          class="ant-modal-mask"
        />
        <div
          class="ant-modal-wrap"
          tabindex="-1"
        >
          <div
            aria-labelledby="test-id"
            aria-modal="true"
            class="ant-modal css-dev-only-do-not-override-k7429z ant-zoom-appear ant-zoom-appear-prepare ant-zoom"
            role="dialog"
            style="width: 520px;"
          >
            <div
              aria-hidden="true"
              style="width: 0px; height: 0px; overflow: hidden; outline: none;"
              tabindex="0"
            />
            <div
              class="ant-modal-content"
            >
              <button
                aria-label="Close"
                class="ant-modal-close"
                type="button"
              >
                <span
                  class="ant-modal-close-x"
                >
                  <span
                    aria-label="close"
                    class="anticon anticon-close ant-modal-close-icon"
                    role="img"
                  >
                    <svg
                      aria-hidden="true"
                      data-icon="close"
                      fill="currentColor"
                      focusable="false"
                      height="1em"
                      viewBox="64 64 896 896"
                      width="1em"
                    >
                      <path
                        d="M563.8 512l262.5-312.9c4.4-5.2.7-13.1-6.1-13.1h-79.8c-4.7 0-9.2 2.1-12.3 5.7L511.6 449.8 295.1 191.7c-3-3.6-7.5-5.7-12.3-5.7H203c-6.8 0-10.5 7.9-6.1 13.1L459.4 512 196.9 824.9A7.95 7.95 0 00203 838h79.8c4.7 0 9.2-2.1 12.3-5.7l216.5-258.1 216.5 258.1c3 3.6 7.5 5.7 12.3 5.7h79.8c6.8 0 10.5-7.9 6.1-13.1L563.8 512z"
                      />
                    </svg>
                  </span>
                </span>
              </button>
              <div
                class="ant-modal-header"
              >
                <div
                  class="ant-modal-title"
                  id="test-id"
                >
                  Новая серия
                </div>
              </div>
              <div
                class="ant-modal-body"
              >
                <div
                  class="wrapper"
                >
                  <div
                    class="inputBlock"
                  >
                    <span
                      class="textWidth"
                    >
                      Имя игрока 1:
                    </span>
                    <input
                      class="ant-input css-dev-only-do-not-override-k7429z inputWidth"
                      placeholder="Игрок 1"
                      type="text"
                      value="Игрок 1"
                    />
                  </div>
                  <div
                    class="inputBlock"
                  >
                    <span
                      class="textWidth"
                    >
                      Имя игрока 2:
                    </span>
                    <input
                      class="ant-input css-dev-only-do-not-override-k7429z inputWidth"
                      placeholder="Игрок 2"
                      type="text"
                      value="Игрок 2"
                    />
                  </div>
                  <div
                    class="inputBlock"
                  >
                    <span
                      class="textWidth"
                    >
                      Размер игрового поля:
                    </span>
                    <div
                      class="ant-input-number css-dev-only-do-not-override-k7429z inputNumberWidth"
                    >
                      <div
                        class="ant-input-number-handler-wrap"
                      >
                        <span
                          aria-disabled="false"
                          aria-label="Increase Value"
                          class="ant-input-number-handler ant-input-number-handler-up"
                          role="button"
                          unselectable="on"
                        >
                          <span
                            aria-label="up"
                            class="anticon anticon-up ant-input-number-handler-up-inner"
                            role="img"
                          >
                            <svg
                              aria-hidden="true"
                              data-icon="up"
                              fill="currentColor"
                              focusable="false"
                              height="1em"
                              viewBox="64 64 896 896"
                              width="1em"
                            >
                              <path
                                d="M890.5 755.3L537.9 269.2c-12.8-17.6-39-17.6-51.7 0L133.5 755.3A8 8 0 00140 768h75c5.1 0 9.9-2.5 12.9-6.6L512 369.8l284.1 391.6c3 4.1 7.8 6.6 12.9 6.6h75c6.5 0 10.3-7.4 6.5-12.7z"
                              />
                            </svg>
                          </span>
                        </span>
                        <span
                          aria-disabled="true"
                          aria-label="Decrease Value"
                          class="ant-input-number-handler ant-input-number-handler-down ant-input-number-handler-down-disabled"
                          role="button"
                          unselectable="on"
                        >
                          <span
                            aria-label="down"
                            class="anticon anticon-down ant-input-number-handler-down-inner"
                            role="img"
                          >
                            <svg
                              aria-hidden="true"
                              data-icon="down"
                              fill="currentColor"
                              focusable="false"
                              height="1em"
                              viewBox="64 64 896 896"
                              width="1em"
                            >
                              <path
                                d="M884 256h-75c-5.1 0-9.9 2.5-12.9 6.6L512 654.2 227.9 262.6c-3-4.1-7.8-6.6-12.9-6.6h-75c-6.5 0-10.3 7.4-6.5 12.7l352.6 486.1c12.8 17.6 39 17.6 51.7 0l352.6-486.1c3.9-5.3.1-12.7-6.4-12.7z"
                              />
                            </svg>
                          </span>
                        </span>
                      </div>
                      <div
                        class="ant-input-number-input-wrap"
                      >
                        <input
                          aria-valuemax="10"
                          aria-valuemin="3"
                          aria-valuenow="3"
                          autocomplete="off"
                          class="ant-input-number-input"
                          role="spinbutton"
                          step="1"
                          value="3"
                        />
                      </div>
                    </div>
                  </div>
                  <div
                    class="inputBlock"
                  >
                    <span
                      class="textWidth"
                    >
                      Кто ходит первым:
                    </span>
                    <div
                      class="ant-radio-group ant-radio-group-outline css-dev-only-do-not-override-k7429z"
                    >
                      <label
                        class="ant-radio-wrapper ant-radio-wrapper-checked css-dev-only-do-not-override-k7429z"
                      >
                        <span
                          class="ant-radio ant-radio-checked"
                        >
                          <input
                            checked=""
                            class="ant-radio-input"
                            type="radio"
                            value="cross"
                          />
                          <span
                            class="ant-radio-inner"
                          />
                        </span>
                        <span>
                          Игрок 1
                        </span>
                      </label>
                      <label
                        class="ant-radio-wrapper css-dev-only-do-not-override-k7429z"
                      >
                        <span
                          class="ant-radio"
                        >
                          <input
                            class="ant-radio-input"
                            type="radio"
                            value="zero"
                          />
                          <span
                            class="ant-radio-inner"
                          />
                        </span>
                        <span>
                          Игрок 2
                        </span>
                      </label>
                    </div>
                  </div>
                </div>
              </div>
              <div
                class="ant-modal-footer"
              >
                <button
                  class="ant-btn css-dev-only-do-not-override-k7429z ant-btn-default"
                  type="button"
                >
                  <span>
                    Отмена
                  </span>
                </button>
                <button
                  class="ant-btn css-dev-only-do-not-override-k7429z ant-btn-primary"
                  type="button"
                >
                  <span>
                    Создать
                  </span>
                </button>
              </div>
            </div>
            <div
              aria-hidden="true"
              style="width: 0px; height: 0px; overflow: hidden; outline: none;"
              tabindex="0"
            />
          </div>
        </div>
      </div>
    </div>
  </body>,
  "container": <div />,
  "debug": [Function],
  "findAllByAltText": [Function],
  "findAllByDisplayValue": [Function],
  "findAllByLabelText": [Function],
  "findAllByPlaceholderText": [Function],
  "findAllByRole": [Function],
  "findAllByTestId": [Function],
  "findAllByText": [Function],
  "findAllByTitle": [Function],
  "findByAltText": [Function],
  "findByDisplayValue": [Function],
  "findByLabelText": [Function],
  "findByPlaceholderText": [Function],
  "findByRole": [Function],
  "findByTestId": [Function],
  "findByText": [Function],
  "findByTitle": [Function],
  "getAllByAltText": [Function],
  "getAllByDisplayValue": [Function],
  "getAllByLabelText": [Function],
  "getAllByPlaceholderText": [Function],
  "getAllByRole": [Function],
  "getAllByTestId": [Function],
  "getAllByText": [Function],
  "getAllByTitle": [Function],
  "getByAltText": [Function],
  "getByDisplayValue": [Function],
  "getByLabelText": [Function],
  "getByPlaceholderText": [Function],
  "getByRole": [Function],
  "getByTestId": [Function],
  "getByText": [Function],
  "getByTitle": [Function],
  "queryAllByAltText": [Function],
  "queryAllByDisplayValue": [Function],
  "queryAllByLabelText": [Function],
  "queryAllByPlaceholderText": [Function],
  "queryAllByRole": [Function],
  "queryAllByTestId": [Function],
  "queryAllByText": [Function],
  "queryAllByTitle": [Function],
  "queryByAltText": [Function],
  "queryByDisplayValue": [Function],
  "queryByLabelText": [Function],
  "queryByPlaceholderText": [Function],
  "queryByRole": [Function],
  "queryByTestId": [Function],
  "queryByText": [Function],
  "queryByTitle": [Function],
  "rerender": [Function],
  "unmount": [Function],
}
`;
